running egg_info
creating ../../build/cmd_vel_bridge/cmd_vel_bridge.egg-info
writing ../../build/cmd_vel_bridge/cmd_vel_bridge.egg-info/PKG-INFO
writing dependency_links to ../../build/cmd_vel_bridge/cmd_vel_bridge.egg-info/dependency_links.txt
writing entry points to ../../build/cmd_vel_bridge/cmd_vel_bridge.egg-info/entry_points.txt
writing requirements to ../../build/cmd_vel_bridge/cmd_vel_bridge.egg-info/requires.txt
writing top-level names to ../../build/cmd_vel_bridge/cmd_vel_bridge.egg-info/top_level.txt
writing manifest file '../../build/cmd_vel_bridge/cmd_vel_bridge.egg-info/SOURCES.txt'
reading manifest file '../../build/cmd_vel_bridge/cmd_vel_bridge.egg-info/SOURCES.txt'
writing manifest file '../../build/cmd_vel_bridge/cmd_vel_bridge.egg-info/SOURCES.txt'
running build
running build_py
creating /home/leevai/quadbot_ws/build/cmd_vel_bridge/build
creating /home/leevai/quadbot_ws/build/cmd_vel_bridge/build/lib
creating /home/leevai/quadbot_ws/build/cmd_vel_bridge/build/lib/cmd_vel_bridge
copying cmd_vel_bridge/__init__.py -> /home/leevai/quadbot_ws/build/cmd_vel_bridge/build/lib/cmd_vel_bridge
copying cmd_vel_bridge/bridge_node.py -> /home/leevai/quadbot_ws/build/cmd_vel_bridge/build/lib/cmd_vel_bridge
running install
running install_lib
creating /home/leevai/quadbot_ws/install/cmd_vel_bridge/lib/python3.12/site-packages/cmd_vel_bridge
copying /home/leevai/quadbot_ws/build/cmd_vel_bridge/build/lib/cmd_vel_bridge/__init__.py -> /home/leevai/quadbot_ws/install/cmd_vel_bridge/lib/python3.12/site-packages/cmd_vel_bridge
copying /home/leevai/quadbot_ws/build/cmd_vel_bridge/build/lib/cmd_vel_bridge/bridge_node.py -> /home/leevai/quadbot_ws/install/cmd_vel_bridge/lib/python3.12/site-packages/cmd_vel_bridge
byte-compiling /home/leevai/quadbot_ws/install/cmd_vel_bridge/lib/python3.12/site-packages/cmd_vel_bridge/__init__.py to __init__.cpython-312.pyc
byte-compiling /home/leevai/quadbot_ws/install/cmd_vel_bridge/lib/python3.12/site-packages/cmd_vel_bridge/bridge_node.py to bridge_node.cpython-312.pyc
running install_data
creating /home/leevai/quadbot_ws/install/cmd_vel_bridge/share/ament_index
creating /home/leevai/quadbot_ws/install/cmd_vel_bridge/share/ament_index/resource_index
creating /home/leevai/quadbot_ws/install/cmd_vel_bridge/share/ament_index/resource_index/packages
copying resource/cmd_vel_bridge -> /home/leevai/quadbot_ws/install/cmd_vel_bridge/share/ament_index/resource_index/packages
copying package.xml -> /home/leevai/quadbot_ws/install/cmd_vel_bridge/share/cmd_vel_bridge
running install_egg_info
Copying ../../build/cmd_vel_bridge/cmd_vel_bridge.egg-info to /home/leevai/quadbot_ws/install/cmd_vel_bridge/lib/python3.12/site-packages/cmd_vel_bridge-0.0.0-py3.12.egg-info
running install_scripts
Installing bridge_node script to /home/leevai/quadbot_ws/install/cmd_vel_bridge/lib/cmd_vel_bridge
writing list of installed files to '/home/leevai/quadbot_ws/build/cmd_vel_bridge/install.log'
