[1.578s] Invoking command in '/home/leevai/quadbot_ws/src/cmd_vel_bridge': PYTHONPATH=/home/leevai/quadbot_ws/build/cmd_vel_bridge/prefix_override:/usr/lib/python3/dist-packages/colcon_core/task/python/colcon_distutils_commands:/home/leevai/quadbot_ws/install/cmd_vel_bridge/lib/python3.12/site-packages:${PYTHONPATH} /usr/bin/python3 -W ignore:setup.py install is deprecated -W ignore:easy_install command is deprecated setup.py egg_info --egg-base ../../build/cmd_vel_bridge build --build-base /home/leevai/quadbot_ws/build/cmd_vel_bridge/build install --record /home/leevai/quadbot_ws/build/cmd_vel_bridge/install.log --install-scripts $base/lib/cmd_vel_bridge --single-version-externally-managed install_data
[1.912s] running egg_info
[1.913s] creating ../../build/cmd_vel_bridge/cmd_vel_bridge.egg-info
[1.935s] writing ../../build/cmd_vel_bridge/cmd_vel_bridge.egg-info/PKG-INFO
[1.935s] writing dependency_links to ../../build/cmd_vel_bridge/cmd_vel_bridge.egg-info/dependency_links.txt
[1.935s] writing entry points to ../../build/cmd_vel_bridge/cmd_vel_bridge.egg-info/entry_points.txt
[1.936s] writing requirements to ../../build/cmd_vel_bridge/cmd_vel_bridge.egg-info/requires.txt
[1.936s] writing top-level names to ../../build/cmd_vel_bridge/cmd_vel_bridge.egg-info/top_level.txt
[1.936s] writing manifest file '../../build/cmd_vel_bridge/cmd_vel_bridge.egg-info/SOURCES.txt'
[1.982s] reading manifest file '../../build/cmd_vel_bridge/cmd_vel_bridge.egg-info/SOURCES.txt'
[1.983s] writing manifest file '../../build/cmd_vel_bridge/cmd_vel_bridge.egg-info/SOURCES.txt'
[1.983s] running build
[1.983s] running build_py
[1.984s] creating /home/leevai/quadbot_ws/build/cmd_vel_bridge/build
[1.984s] creating /home/leevai/quadbot_ws/build/cmd_vel_bridge/build/lib
[1.984s] creating /home/leevai/quadbot_ws/build/cmd_vel_bridge/build/lib/cmd_vel_bridge
[1.984s] copying cmd_vel_bridge/__init__.py -> /home/leevai/quadbot_ws/build/cmd_vel_bridge/build/lib/cmd_vel_bridge
[1.984s] copying cmd_vel_bridge/bridge_node.py -> /home/leevai/quadbot_ws/build/cmd_vel_bridge/build/lib/cmd_vel_bridge
[1.984s] running install
[1.994s] running install_lib
[2.017s] creating /home/leevai/quadbot_ws/install/cmd_vel_bridge/lib/python3.12/site-packages/cmd_vel_bridge
[2.017s] copying /home/leevai/quadbot_ws/build/cmd_vel_bridge/build/lib/cmd_vel_bridge/__init__.py -> /home/leevai/quadbot_ws/install/cmd_vel_bridge/lib/python3.12/site-packages/cmd_vel_bridge
[2.017s] copying /home/leevai/quadbot_ws/build/cmd_vel_bridge/build/lib/cmd_vel_bridge/bridge_node.py -> /home/leevai/quadbot_ws/install/cmd_vel_bridge/lib/python3.12/site-packages/cmd_vel_bridge
[2.018s] byte-compiling /home/leevai/quadbot_ws/install/cmd_vel_bridge/lib/python3.12/site-packages/cmd_vel_bridge/__init__.py to __init__.cpython-312.pyc
[2.018s] byte-compiling /home/leevai/quadbot_ws/install/cmd_vel_bridge/lib/python3.12/site-packages/cmd_vel_bridge/bridge_node.py to bridge_node.cpython-312.pyc
[2.020s] running install_data
[2.020s] creating /home/leevai/quadbot_ws/install/cmd_vel_bridge/share/ament_index
[2.020s] creating /home/leevai/quadbot_ws/install/cmd_vel_bridge/share/ament_index/resource_index
[2.020s] creating /home/leevai/quadbot_ws/install/cmd_vel_bridge/share/ament_index/resource_index/packages
[2.021s] copying resource/cmd_vel_bridge -> /home/leevai/quadbot_ws/install/cmd_vel_bridge/share/ament_index/resource_index/packages
[2.021s] copying package.xml -> /home/leevai/quadbot_ws/install/cmd_vel_bridge/share/cmd_vel_bridge
[2.021s] running install_egg_info
[2.046s] Copying ../../build/cmd_vel_bridge/cmd_vel_bridge.egg-info to /home/leevai/quadbot_ws/install/cmd_vel_bridge/lib/python3.12/site-packages/cmd_vel_bridge-0.0.0-py3.12.egg-info
[2.047s] running install_scripts
[2.215s] Installing bridge_node script to /home/leevai/quadbot_ws/install/cmd_vel_bridge/lib/cmd_vel_bridge
[2.215s] writing list of installed files to '/home/leevai/quadbot_ws/build/cmd_vel_bridge/install.log'
[2.293s] Invoked command in '/home/leevai/quadbot_ws/src/cmd_vel_bridge' returned '0': PYTHONPATH=/home/leevai/quadbot_ws/build/cmd_vel_bridge/prefix_override:/usr/lib/python3/dist-packages/colcon_core/task/python/colcon_distutils_commands:/home/leevai/quadbot_ws/install/cmd_vel_bridge/lib/python3.12/site-packages:${PYTHONPATH} /usr/bin/python3 -W ignore:setup.py install is deprecated -W ignore:easy_install command is deprecated setup.py egg_info --egg-base ../../build/cmd_vel_bridge build --build-base /home/leevai/quadbot_ws/build/cmd_vel_bridge/build install --record /home/leevai/quadbot_ws/build/cmd_vel_bridge/install.log --install-scripts $base/lib/cmd_vel_bridge --single-version-externally-managed install_data
