[0.015s] Invoking command in '/home/leevai/quadbot_ws/build/quadbot_cartographer': CMAKE_PREFIX_PATH=${CMAKE_PREFIX_PATH}:/opt/ros/jazzy /usr/bin/cmake --build /home/leevai/quadbot_ws/build/quadbot_cartographer -- -j4 -l4
[0.083s] Invoked command in '/home/leevai/quadbot_ws/build/quadbot_cartographer' returned '0': CMAKE_PREFIX_PATH=${CMAKE_PREFIX_PATH}:/opt/ros/jazzy /usr/bin/cmake --build /home/leevai/quadbot_ws/build/quadbot_cartographer -- -j4 -l4
[0.101s] Invoking command in '/home/leevai/quadbot_ws/build/quadbot_cartographer': CMAKE_PREFIX_PATH=${CMAKE_PREFIX_PATH}:/opt/ros/jazzy /usr/bin/cmake --install /home/leevai/quadbot_ws/build/quadbot_cartographer
[0.114s] -- Install configuration: ""
[0.114s] -- Execute custom install script
[0.115s] -- Up-to-date symlink: /home/leevai/quadbot_ws/install/quadbot_cartographer/share/quadbot_cartographer/launch/quadbot_slam.launch.py
[0.115s] -- Up-to-date symlink: /home/leevai/quadbot_ws/install/quadbot_cartographer/share/quadbot_cartographer/config/quadbot.lua
[0.116s] -- Up-to-date symlink: /home/leevai/quadbot_ws/install/quadbot_cartographer/share/ament_index/resource_index/package_run_dependencies/quadbot_cartographer
[0.116s] -- Up-to-date symlink: /home/leevai/quadbot_ws/install/quadbot_cartographer/share/ament_index/resource_index/parent_prefix_path/quadbot_cartographer
[0.116s] -- Up-to-date symlink: /home/leevai/quadbot_ws/install/quadbot_cartographer/share/quadbot_cartographer/environment/ament_prefix_path.sh
[0.116s] -- Up-to-date symlink: /home/leevai/quadbot_ws/install/quadbot_cartographer/share/quadbot_cartographer/environment/ament_prefix_path.dsv
[0.117s] -- Up-to-date symlink: /home/leevai/quadbot_ws/install/quadbot_cartographer/share/quadbot_cartographer/environment/path.sh
[0.117s] -- Up-to-date symlink: /home/leevai/quadbot_ws/install/quadbot_cartographer/share/quadbot_cartographer/environment/path.dsv
[0.117s] -- Up-to-date symlink: /home/leevai/quadbot_ws/install/quadbot_cartographer/share/quadbot_cartographer/local_setup.bash
[0.117s] -- Up-to-date symlink: /home/leevai/quadbot_ws/install/quadbot_cartographer/share/quadbot_cartographer/local_setup.sh
[0.118s] -- Up-to-date symlink: /home/leevai/quadbot_ws/install/quadbot_cartographer/share/quadbot_cartographer/local_setup.zsh
[0.118s] -- Up-to-date symlink: /home/leevai/quadbot_ws/install/quadbot_cartographer/share/quadbot_cartographer/local_setup.dsv
[0.118s] -- Symlinking: /home/leevai/quadbot_ws/install/quadbot_cartographer/share/quadbot_cartographer/package.dsv
[0.135s] -- Up-to-date symlink: /home/leevai/quadbot_ws/install/quadbot_cartographer/share/ament_index/resource_index/packages/quadbot_cartographer
[0.135s] -- Up-to-date symlink: /home/leevai/quadbot_ws/install/quadbot_cartographer/share/quadbot_cartographer/cmake/quadbot_cartographerConfig.cmake
[0.135s] -- Up-to-date symlink: /home/leevai/quadbot_ws/install/quadbot_cartographer/share/quadbot_cartographer/cmake/quadbot_cartographerConfig-version.cmake
[0.135s] -- Up-to-date symlink: /home/leevai/quadbot_ws/install/quadbot_cartographer/share/quadbot_cartographer/package.xml
[0.139s] Invoked command in '/home/leevai/quadbot_ws/build/quadbot_cartographer' returned '0': CMAKE_PREFIX_PATH=${CMAKE_PREFIX_PATH}:/opt/ros/jazzy /usr/bin/cmake --install /home/leevai/quadbot_ws/build/quadbot_cartographer
