[0.331s] Invoking command in '/home/leevai/quadbot_ws/build/quadbot_cartographer': CMAKE_PREFIX_PATH=${CMAKE_PREFIX_PATH}:/home/leevai/quadbot_ws/install/cmd_vel_bridge:/opt/ros/jazzy /usr/bin/cmake --build /home/leevai/quadbot_ws/build/quadbot_cartographer -- -j4 -l4
[0.583s] Invoked command in '/home/leevai/quadbot_ws/build/quadbot_cartographer' returned '0': CMAKE_PREFIX_PATH=${CMAKE_PREFIX_PATH}:/home/leevai/quadbot_ws/install/cmd_vel_bridge:/opt/ros/jazzy /usr/bin/cmake --build /home/leevai/quadbot_ws/build/quadbot_cartographer -- -j4 -l4
[0.605s] Invoking command in '/home/leevai/quadbot_ws/build/quadbot_cartographer': CMAKE_PREFIX_PATH=${CMAKE_PREFIX_PATH}:/home/leevai/quadbot_ws/install/cmd_vel_bridge:/opt/ros/jazzy /usr/bin/cmake --install /home/leevai/quadbot_ws/build/quadbot_cartographer
[0.620s] -- Install configuration: ""
[0.621s] -- Execute custom install script
[0.626s] -- Up-to-date symlink: /home/leevai/quadbot_ws/install/quadbot_cartographer/share/quadbot_cartographer/launch/quadbot_slam.launch.py
[0.627s] -- Up-to-date symlink: /home/leevai/quadbot_ws/install/quadbot_cartographer/share/quadbot_cartographer/config/quadbot.lua
[0.628s] -- Up-to-date symlink: /home/leevai/quadbot_ws/install/quadbot_cartographer/share/ament_index/resource_index/package_run_dependencies/quadbot_cartographer
[0.628s] -- Up-to-date symlink: /home/leevai/quadbot_ws/install/quadbot_cartographer/share/ament_index/resource_index/parent_prefix_path/quadbot_cartographer
[0.629s] -- Up-to-date symlink: /home/leevai/quadbot_ws/install/quadbot_cartographer/share/quadbot_cartographer/environment/ament_prefix_path.sh
[0.629s] -- Up-to-date symlink: /home/leevai/quadbot_ws/install/quadbot_cartographer/share/quadbot_cartographer/environment/ament_prefix_path.dsv
[0.630s] -- Up-to-date symlink: /home/leevai/quadbot_ws/install/quadbot_cartographer/share/quadbot_cartographer/environment/path.sh
[0.630s] -- Up-to-date symlink: /home/leevai/quadbot_ws/install/quadbot_cartographer/share/quadbot_cartographer/environment/path.dsv
[0.631s] -- Up-to-date symlink: /home/leevai/quadbot_ws/install/quadbot_cartographer/share/quadbot_cartographer/local_setup.bash
[0.631s] -- Up-to-date symlink: /home/leevai/quadbot_ws/install/quadbot_cartographer/share/quadbot_cartographer/local_setup.sh
[0.632s] -- Up-to-date symlink: /home/leevai/quadbot_ws/install/quadbot_cartographer/share/quadbot_cartographer/local_setup.zsh
[0.632s] -- Up-to-date symlink: /home/leevai/quadbot_ws/install/quadbot_cartographer/share/quadbot_cartographer/local_setup.dsv
[0.632s] -- Symlinking: /home/leevai/quadbot_ws/install/quadbot_cartographer/share/quadbot_cartographer/package.dsv
[0.651s] -- Up-to-date symlink: /home/leevai/quadbot_ws/install/quadbot_cartographer/share/ament_index/resource_index/packages/quadbot_cartographer
[0.651s] -- Up-to-date symlink: /home/leevai/quadbot_ws/install/quadbot_cartographer/share/quadbot_cartographer/cmake/quadbot_cartographerConfig.cmake
[0.652s] -- Up-to-date symlink: /home/leevai/quadbot_ws/install/quadbot_cartographer/share/quadbot_cartographer/cmake/quadbot_cartographerConfig-version.cmake
[0.652s] -- Up-to-date symlink: /home/leevai/quadbot_ws/install/quadbot_cartographer/share/quadbot_cartographer/package.xml
[0.656s] Invoked command in '/home/leevai/quadbot_ws/build/quadbot_cartographer' returned '0': CMAKE_PREFIX_PATH=${CMAKE_PREFIX_PATH}:/home/leevai/quadbot_ws/install/cmd_vel_bridge:/opt/ros/jazzy /usr/bin/cmake --install /home/leevai/quadbot_ws/build/quadbot_cartographer
