[0.140s] DEBUG:colcon:Command line arguments: ['/usr/bin/colcon', 'build', '--symlink-install']
[0.140s] DEBUG:colcon:Parsed command line arguments: Namespace(log_base=None, log_level=None, verb_name='build', build_base='build', install_base='install', merge_install=False, symlink_install=True, test_result_base=None, continue_on_error=False, executor='parallel', parallel_workers=4, event_handlers=None, ignore_user_meta=False, metas=['./colcon.meta'], base_paths=['.'], packages_ignore=None, packages_ignore_regex=None, paths=None, packages_up_to=None, packages_up_to_regex=None, packages_above=None, packages_above_and_dependencies=None, packages_above_depth=None, packages_select_by_dep=None, packages_skip_by_dep=None, packages_skip_up_to=None, packages_select_build_failed=False, packages_skip_build_finished=False, packages_select_test_failures=False, packages_skip_test_passed=False, packages_select=None, packages_skip=None, packages_select_regex=None, packages_skip_regex=None, packages_start=None, packages_end=None, allow_overriding=[], cmake_args=None, cmake_target=None, cmake_target_skip_unavailable=False, cmake_clean_cache=False, cmake_clean_first=False, cmake_force_configure=False, ament_cmake_args=None, catkin_cmake_args=None, catkin_skip_building_tests=False, verb_parser=<colcon_defaults.argument_parser.defaults.DefaultArgumentsDecorator object at 0xffff8e6b7650>, verb_extension=<colcon_core.verb.build.BuildVerb object at 0xffff8e8908f0>, main=<bound method BuildVerb.main of <colcon_core.verb.build.BuildVerb object at 0xffff8e8908f0>>)
[0.195s] Level 1:colcon.colcon_core.package_discovery:discover_packages(colcon_meta) check parameters
[0.195s] Level 1:colcon.colcon_core.package_discovery:discover_packages(recursive) check parameters
[0.195s] Level 1:colcon.colcon_core.package_discovery:discover_packages(ignore) check parameters
[0.195s] Level 1:colcon.colcon_core.package_discovery:discover_packages(path) check parameters
[0.195s] Level 1:colcon.colcon_core.package_discovery:discover_packages(colcon_meta) discover
[0.195s] Level 1:colcon.colcon_core.package_discovery:discover_packages(recursive) discover
[0.195s] INFO:colcon.colcon_core.package_discovery:Crawling recursively for packages in '/home/leevai/quadbot_ws'
[0.195s] Level 1:colcon.colcon_core.package_identification:_identify(.) by extensions ['ignore', 'ignore_ament_install']
[0.195s] Level 1:colcon.colcon_core.package_identification:_identify(.) by extension 'ignore'
[0.195s] Level 1:colcon.colcon_core.package_identification:_identify(.) by extension 'ignore_ament_install'
[0.196s] Level 1:colcon.colcon_core.package_identification:_identify(.) by extensions ['colcon_pkg']
[0.196s] Level 1:colcon.colcon_core.package_identification:_identify(.) by extension 'colcon_pkg'
[0.196s] Level 1:colcon.colcon_core.package_identification:_identify(.) by extensions ['colcon_meta']
[0.196s] Level 1:colcon.colcon_core.package_identification:_identify(.) by extension 'colcon_meta'
[0.196s] Level 1:colcon.colcon_core.package_identification:_identify(.) by extensions ['ros']
[0.196s] Level 1:colcon.colcon_core.package_identification:_identify(.) by extension 'ros'
[0.231s] Level 1:colcon.colcon_core.package_identification:_identify(.) by extensions ['cmake', 'python']
[0.231s] Level 1:colcon.colcon_core.package_identification:_identify(.) by extension 'cmake'
[0.231s] Level 1:colcon.colcon_core.package_identification:_identify(.) by extension 'python'
[0.231s] Level 1:colcon.colcon_core.package_identification:_identify(.) by extensions ['python_setup_py']
[0.231s] Level 1:colcon.colcon_core.package_identification:_identify(.) by extension 'python_setup_py'
[0.232s] Level 1:colcon.colcon_core.package_identification:_identify(build) by extensions ['ignore', 'ignore_ament_install']
[0.232s] Level 1:colcon.colcon_core.package_identification:_identify(build) by extension 'ignore'
[0.232s] Level 1:colcon.colcon_core.package_identification:_identify(build) ignored
[0.232s] Level 1:colcon.colcon_core.package_identification:_identify(install) by extensions ['ignore', 'ignore_ament_install']
[0.232s] Level 1:colcon.colcon_core.package_identification:_identify(install) by extension 'ignore'
[0.232s] Level 1:colcon.colcon_core.package_identification:_identify(install) ignored
[0.232s] Level 1:colcon.colcon_core.package_identification:_identify(log) by extensions ['ignore', 'ignore_ament_install']
[0.232s] Level 1:colcon.colcon_core.package_identification:_identify(log) by extension 'ignore'
[0.232s] Level 1:colcon.colcon_core.package_identification:_identify(log) ignored
[0.232s] Level 1:colcon.colcon_core.package_identification:_identify(src) by extensions ['ignore', 'ignore_ament_install']
[0.232s] Level 1:colcon.colcon_core.package_identification:_identify(src) by extension 'ignore'
[0.233s] Level 1:colcon.colcon_core.package_identification:_identify(src) by extension 'ignore_ament_install'
[0.233s] Level 1:colcon.colcon_core.package_identification:_identify(src) by extensions ['colcon_pkg']
[0.233s] Level 1:colcon.colcon_core.package_identification:_identify(src) by extension 'colcon_pkg'
[0.233s] Level 1:colcon.colcon_core.package_identification:_identify(src) by extensions ['colcon_meta']
[0.233s] Level 1:colcon.colcon_core.package_identification:_identify(src) by extension 'colcon_meta'
[0.233s] Level 1:colcon.colcon_core.package_identification:_identify(src) by extensions ['ros']
[0.233s] Level 1:colcon.colcon_core.package_identification:_identify(src) by extension 'ros'
[0.233s] Level 1:colcon.colcon_core.package_identification:_identify(src) by extensions ['cmake', 'python']
[0.233s] Level 1:colcon.colcon_core.package_identification:_identify(src) by extension 'cmake'
[0.233s] Level 1:colcon.colcon_core.package_identification:_identify(src) by extension 'python'
[0.233s] Level 1:colcon.colcon_core.package_identification:_identify(src) by extensions ['python_setup_py']
[0.233s] Level 1:colcon.colcon_core.package_identification:_identify(src) by extension 'python_setup_py'
[0.233s] Level 1:colcon.colcon_core.package_identification:_identify(src/cmd_vel_bridge) by extensions ['ignore', 'ignore_ament_install']
[0.233s] Level 1:colcon.colcon_core.package_identification:_identify(src/cmd_vel_bridge) by extension 'ignore'
[0.233s] Level 1:colcon.colcon_core.package_identification:_identify(src/cmd_vel_bridge) by extension 'ignore_ament_install'
[0.233s] Level 1:colcon.colcon_core.package_identification:_identify(src/cmd_vel_bridge) by extensions ['colcon_pkg']
[0.233s] Level 1:colcon.colcon_core.package_identification:_identify(src/cmd_vel_bridge) by extension 'colcon_pkg'
[0.233s] Level 1:colcon.colcon_core.package_identification:_identify(src/cmd_vel_bridge) by extensions ['colcon_meta']
[0.233s] Level 1:colcon.colcon_core.package_identification:_identify(src/cmd_vel_bridge) by extension 'colcon_meta'
[0.233s] Level 1:colcon.colcon_core.package_identification:_identify(src/cmd_vel_bridge) by extensions ['ros']
[0.233s] Level 1:colcon.colcon_core.package_identification:_identify(src/cmd_vel_bridge) by extension 'ros'
[0.239s] DEBUG:colcon.colcon_core.package_identification:Package 'src/cmd_vel_bridge' with type 'ros.ament_python' and name 'cmd_vel_bridge'
[0.239s] Level 1:colcon.colcon_core.package_identification:_identify(src/quadbot_cartographer) by extensions ['ignore', 'ignore_ament_install']
[0.239s] Level 1:colcon.colcon_core.package_identification:_identify(src/quadbot_cartographer) by extension 'ignore'
[0.239s] Level 1:colcon.colcon_core.package_identification:_identify(src/quadbot_cartographer) by extension 'ignore_ament_install'
[0.239s] Level 1:colcon.colcon_core.package_identification:_identify(src/quadbot_cartographer) by extensions ['colcon_pkg']
[0.239s] Level 1:colcon.colcon_core.package_identification:_identify(src/quadbot_cartographer) by extension 'colcon_pkg'
[0.239s] Level 1:colcon.colcon_core.package_identification:_identify(src/quadbot_cartographer) by extensions ['colcon_meta']
[0.239s] Level 1:colcon.colcon_core.package_identification:_identify(src/quadbot_cartographer) by extension 'colcon_meta'
[0.239s] Level 1:colcon.colcon_core.package_identification:_identify(src/quadbot_cartographer) by extensions ['ros']
[0.239s] Level 1:colcon.colcon_core.package_identification:_identify(src/quadbot_cartographer) by extension 'ros'
[0.240s] DEBUG:colcon.colcon_core.package_identification:Package 'src/quadbot_cartographer' with type 'ros.ament_cmake' and name 'quadbot_cartographer'
[0.240s] Level 1:colcon.colcon_core.package_discovery:discover_packages(recursive) using defaults
[0.240s] Level 1:colcon.colcon_core.package_discovery:discover_packages(ignore) discover
[0.240s] Level 1:colcon.colcon_core.package_discovery:discover_packages(ignore) using defaults
[0.240s] Level 1:colcon.colcon_core.package_discovery:discover_packages(path) discover
[0.240s] Level 1:colcon.colcon_core.package_discovery:discover_packages(path) using defaults
[0.264s] Level 1:colcon.colcon_core.package_discovery:discover_packages(prefix_path) check parameters
[0.264s] Level 1:colcon.colcon_core.package_discovery:discover_packages(prefix_path) discover
[0.266s] DEBUG:colcon.colcon_installed_package_information.package_discovery:Found 2 installed packages in /home/leevai/quadbot_ws/install
[0.268s] DEBUG:colcon.colcon_installed_package_information.package_discovery:Found 290 installed packages in /opt/ros/jazzy
[0.269s] Level 1:colcon.colcon_core.package_discovery:discover_packages(prefix_path) using defaults
[0.331s] Level 5:colcon.colcon_core.verb:set package 'cmd_vel_bridge' build argument 'cmake_args' from command line to 'None'
[0.331s] Level 5:colcon.colcon_core.verb:set package 'cmd_vel_bridge' build argument 'cmake_target' from command line to 'None'
[0.331s] Level 5:colcon.colcon_core.verb:set package 'cmd_vel_bridge' build argument 'cmake_target_skip_unavailable' from command line to 'False'
[0.331s] Level 5:colcon.colcon_core.verb:set package 'cmd_vel_bridge' build argument 'cmake_clean_cache' from command line to 'False'
[0.331s] Level 5:colcon.colcon_core.verb:set package 'cmd_vel_bridge' build argument 'cmake_clean_first' from command line to 'False'
[0.331s] Level 5:colcon.colcon_core.verb:set package 'cmd_vel_bridge' build argument 'cmake_force_configure' from command line to 'False'
[0.331s] Level 5:colcon.colcon_core.verb:set package 'cmd_vel_bridge' build argument 'ament_cmake_args' from command line to 'None'
[0.331s] Level 5:colcon.colcon_core.verb:set package 'cmd_vel_bridge' build argument 'catkin_cmake_args' from command line to 'None'
[0.331s] Level 5:colcon.colcon_core.verb:set package 'cmd_vel_bridge' build argument 'catkin_skip_building_tests' from command line to 'False'
[0.331s] DEBUG:colcon.colcon_core.verb:Building package 'cmd_vel_bridge' with the following arguments: {'ament_cmake_args': None, 'build_base': '/home/leevai/quadbot_ws/build/cmd_vel_bridge', 'catkin_cmake_args': None, 'catkin_skip_building_tests': False, 'cmake_args': None, 'cmake_clean_cache': False, 'cmake_clean_first': False, 'cmake_force_configure': False, 'cmake_target': None, 'cmake_target_skip_unavailable': False, 'install_base': '/home/leevai/quadbot_ws/install/cmd_vel_bridge', 'merge_install': False, 'path': '/home/leevai/quadbot_ws/src/cmd_vel_bridge', 'symlink_install': True, 'test_result_base': None}
[0.332s] Level 5:colcon.colcon_core.verb:set package 'quadbot_cartographer' build argument 'cmake_args' from command line to 'None'
[0.332s] Level 5:colcon.colcon_core.verb:set package 'quadbot_cartographer' build argument 'cmake_target' from command line to 'None'
[0.332s] Level 5:colcon.colcon_core.verb:set package 'quadbot_cartographer' build argument 'cmake_target_skip_unavailable' from command line to 'False'
[0.332s] Level 5:colcon.colcon_core.verb:set package 'quadbot_cartographer' build argument 'cmake_clean_cache' from command line to 'False'
[0.332s] Level 5:colcon.colcon_core.verb:set package 'quadbot_cartographer' build argument 'cmake_clean_first' from command line to 'False'
[0.332s] Level 5:colcon.colcon_core.verb:set package 'quadbot_cartographer' build argument 'cmake_force_configure' from command line to 'False'
[0.332s] Level 5:colcon.colcon_core.verb:set package 'quadbot_cartographer' build argument 'ament_cmake_args' from command line to 'None'
[0.332s] Level 5:colcon.colcon_core.verb:set package 'quadbot_cartographer' build argument 'catkin_cmake_args' from command line to 'None'
[0.332s] Level 5:colcon.colcon_core.verb:set package 'quadbot_cartographer' build argument 'catkin_skip_building_tests' from command line to 'False'
[0.332s] DEBUG:colcon.colcon_core.verb:Building package 'quadbot_cartographer' with the following arguments: {'ament_cmake_args': None, 'build_base': '/home/leevai/quadbot_ws/build/quadbot_cartographer', 'catkin_cmake_args': None, 'catkin_skip_building_tests': False, 'cmake_args': None, 'cmake_clean_cache': False, 'cmake_clean_first': False, 'cmake_force_configure': False, 'cmake_target': None, 'cmake_target_skip_unavailable': False, 'install_base': '/home/leevai/quadbot_ws/install/quadbot_cartographer', 'merge_install': False, 'path': '/home/leevai/quadbot_ws/src/quadbot_cartographer', 'symlink_install': True, 'test_result_base': None}
[0.332s] INFO:colcon.colcon_core.executor:Executing jobs using 'parallel' executor
[0.334s] DEBUG:colcon.colcon_parallel_executor.executor.parallel:run_until_complete
[0.334s] INFO:colcon.colcon_ros.task.ament_python.build:Building ROS package in '/home/leevai/quadbot_ws/src/cmd_vel_bridge' with build type 'ament_python'
[0.334s] Level 1:colcon.colcon_core.shell:create_environment_hook('cmd_vel_bridge', 'ament_prefix_path')
[0.337s] INFO:colcon.colcon_core.plugin_system:Skipping extension 'colcon_core.shell.bat': Not used on non-Windows systems
[0.337s] INFO:colcon.colcon_core.shell:Creating environment hook '/home/leevai/quadbot_ws/install/cmd_vel_bridge/share/cmd_vel_bridge/hook/ament_prefix_path.ps1'
[0.338s] INFO:colcon.colcon_core.shell:Creating environment descriptor '/home/leevai/quadbot_ws/install/cmd_vel_bridge/share/cmd_vel_bridge/hook/ament_prefix_path.dsv'
[0.339s] INFO:colcon.colcon_core.shell:Creating environment hook '/home/leevai/quadbot_ws/install/cmd_vel_bridge/share/cmd_vel_bridge/hook/ament_prefix_path.sh'
[0.340s] INFO:colcon.colcon_core.shell:Skip shell extension 'powershell' for command environment: Not usable outside of PowerShell
[0.340s] DEBUG:colcon.colcon_core.shell:Skip shell extension 'dsv' for command environment
[0.345s] INFO:colcon.colcon_ros.task.ament_cmake.build:Building ROS package in '/home/leevai/quadbot_ws/src/quadbot_cartographer' with build type 'ament_cmake'
[0.345s] INFO:colcon.colcon_cmake.task.cmake.build:Building CMake package in '/home/leevai/quadbot_ws/src/quadbot_cartographer'
[0.345s] INFO:colcon.colcon_core.shell:Skip shell extension 'powershell' for command environment: Not usable outside of PowerShell
[0.346s] DEBUG:colcon.colcon_core.shell:Skip shell extension 'dsv' for command environment
[0.666s] INFO:colcon.colcon_core.task.python.build:Building Python package in '/home/leevai/quadbot_ws/src/cmd_vel_bridge'
[0.666s] INFO:colcon.colcon_core.shell:Skip shell extension 'powershell' for command environment: Not usable outside of PowerShell
[0.666s] DEBUG:colcon.colcon_core.shell:Skip shell extension 'dsv' for command environment
[0.677s] DEBUG:colcon.colcon_core.event_handler.log_command:Invoking command in '/home/leevai/quadbot_ws/build/quadbot_cartographer': CMAKE_PREFIX_PATH=${CMAKE_PREFIX_PATH}:/home/leevai/quadbot_ws/install/cmd_vel_bridge:/opt/ros/jazzy /usr/bin/cmake --build /home/leevai/quadbot_ws/build/quadbot_cartographer -- -j4 -l4
[0.929s] DEBUG:colcon.colcon_core.event_handler.log_command:Invoked command in '/home/leevai/quadbot_ws/build/quadbot_cartographer' returned '0': CMAKE_PREFIX_PATH=${CMAKE_PREFIX_PATH}:/home/leevai/quadbot_ws/install/cmd_vel_bridge:/opt/ros/jazzy /usr/bin/cmake --build /home/leevai/quadbot_ws/build/quadbot_cartographer -- -j4 -l4
[0.951s] DEBUG:colcon.colcon_core.event_handler.log_command:Invoking command in '/home/leevai/quadbot_ws/build/quadbot_cartographer': CMAKE_PREFIX_PATH=${CMAKE_PREFIX_PATH}:/home/leevai/quadbot_ws/install/cmd_vel_bridge:/opt/ros/jazzy /usr/bin/cmake --install /home/leevai/quadbot_ws/build/quadbot_cartographer
[1.001s] Level 1:colcon.colcon_core.environment:create_environment_scripts_only(quadbot_cartographer)
[1.002s] DEBUG:colcon.colcon_core.event_handler.log_command:Invoked command in '/home/leevai/quadbot_ws/build/quadbot_cartographer' returned '0': CMAKE_PREFIX_PATH=${CMAKE_PREFIX_PATH}:/home/leevai/quadbot_ws/install/cmd_vel_bridge:/opt/ros/jazzy /usr/bin/cmake --install /home/leevai/quadbot_ws/build/quadbot_cartographer
[1.004s] Level 1:colcon.colcon_core.environment:checking '/home/leevai/quadbot_ws/install/quadbot_cartographer' for CMake module files
[1.005s] Level 1:colcon.colcon_core.environment:checking '/home/leevai/quadbot_ws/install/quadbot_cartographer' for CMake config files
[1.005s] Level 1:colcon.colcon_core.shell:create_environment_hook('quadbot_cartographer', 'cmake_prefix_path')
[1.006s] INFO:colcon.colcon_core.shell:Creating environment hook '/home/leevai/quadbot_ws/install/quadbot_cartographer/share/quadbot_cartographer/hook/cmake_prefix_path.ps1'
[1.006s] INFO:colcon.colcon_core.shell:Creating environment descriptor '/home/leevai/quadbot_ws/install/quadbot_cartographer/share/quadbot_cartographer/hook/cmake_prefix_path.dsv'
[1.007s] INFO:colcon.colcon_core.shell:Creating environment hook '/home/leevai/quadbot_ws/install/quadbot_cartographer/share/quadbot_cartographer/hook/cmake_prefix_path.sh'
[1.009s] Level 1:colcon.colcon_core.environment:checking '/home/leevai/quadbot_ws/install/quadbot_cartographer/bin'
[1.009s] Level 1:colcon.colcon_core.environment:checking '/home/leevai/quadbot_ws/install/quadbot_cartographer/lib/pkgconfig/quadbot_cartographer.pc'
[1.009s] Level 1:colcon.colcon_core.environment:checking '/home/leevai/quadbot_ws/install/quadbot_cartographer/lib/python3.12/site-packages'
[1.010s] Level 1:colcon.colcon_core.environment:checking '/home/leevai/quadbot_ws/install/quadbot_cartographer/bin'
[1.010s] INFO:colcon.colcon_core.shell:Creating package script '/home/leevai/quadbot_ws/install/quadbot_cartographer/share/quadbot_cartographer/package.ps1'
[1.011s] INFO:colcon.colcon_core.shell:Creating package descriptor '/home/leevai/quadbot_ws/install/quadbot_cartographer/share/quadbot_cartographer/package.dsv'
[1.012s] INFO:colcon.colcon_core.shell:Creating package script '/home/leevai/quadbot_ws/install/quadbot_cartographer/share/quadbot_cartographer/package.sh'
[1.013s] INFO:colcon.colcon_core.shell:Creating package script '/home/leevai/quadbot_ws/install/quadbot_cartographer/share/quadbot_cartographer/package.bash'
[1.014s] INFO:colcon.colcon_core.shell:Creating package script '/home/leevai/quadbot_ws/install/quadbot_cartographer/share/quadbot_cartographer/package.zsh'
[1.015s] Level 1:colcon.colcon_core.environment:create_file_with_runtime_dependencies(/home/leevai/quadbot_ws/install/quadbot_cartographer/share/colcon-core/packages/quadbot_cartographer)
[1.016s] Level 1:colcon.colcon_core.environment:create_environment_scripts_only(quadbot_cartographer)
[1.016s] Level 1:colcon.colcon_core.environment:checking '/home/leevai/quadbot_ws/install/quadbot_cartographer' for CMake module files
[1.017s] Level 1:colcon.colcon_core.environment:checking '/home/leevai/quadbot_ws/install/quadbot_cartographer' for CMake config files
[1.017s] Level 1:colcon.colcon_core.shell:create_environment_hook('quadbot_cartographer', 'cmake_prefix_path')
[1.017s] INFO:colcon.colcon_core.shell:Creating environment hook '/home/leevai/quadbot_ws/install/quadbot_cartographer/share/quadbot_cartographer/hook/cmake_prefix_path.ps1'
[1.018s] INFO:colcon.colcon_core.shell:Creating environment descriptor '/home/leevai/quadbot_ws/install/quadbot_cartographer/share/quadbot_cartographer/hook/cmake_prefix_path.dsv'
[1.019s] INFO:colcon.colcon_core.shell:Creating environment hook '/home/leevai/quadbot_ws/install/quadbot_cartographer/share/quadbot_cartographer/hook/cmake_prefix_path.sh'
[1.019s] Level 1:colcon.colcon_core.environment:checking '/home/leevai/quadbot_ws/install/quadbot_cartographer/bin'
[1.019s] Level 1:colcon.colcon_core.environment:checking '/home/leevai/quadbot_ws/install/quadbot_cartographer/lib/pkgconfig/quadbot_cartographer.pc'
[1.020s] Level 1:colcon.colcon_core.environment:checking '/home/leevai/quadbot_ws/install/quadbot_cartographer/lib/python3.12/site-packages'
[1.020s] Level 1:colcon.colcon_core.environment:checking '/home/leevai/quadbot_ws/install/quadbot_cartographer/bin'
[1.021s] INFO:colcon.colcon_core.shell:Creating package script '/home/leevai/quadbot_ws/install/quadbot_cartographer/share/quadbot_cartographer/package.ps1'
[1.022s] INFO:colcon.colcon_core.shell:Creating package descriptor '/home/leevai/quadbot_ws/install/quadbot_cartographer/share/quadbot_cartographer/package.dsv'
[1.022s] INFO:colcon.colcon_core.shell:Creating package script '/home/leevai/quadbot_ws/install/quadbot_cartographer/share/quadbot_cartographer/package.sh'
[1.023s] INFO:colcon.colcon_core.shell:Creating package script '/home/leevai/quadbot_ws/install/quadbot_cartographer/share/quadbot_cartographer/package.bash'
[1.027s] INFO:colcon.colcon_core.shell:Creating package script '/home/leevai/quadbot_ws/install/quadbot_cartographer/share/quadbot_cartographer/package.zsh'
[1.028s] Level 1:colcon.colcon_core.environment:create_file_with_runtime_dependencies(/home/leevai/quadbot_ws/install/quadbot_cartographer/share/colcon-core/packages/quadbot_cartographer)
[1.506s] DEBUG:colcon.colcon_core.task.python.build:Available setuptools commands: develop, bdist_rpm, sdist, upload_docs, install_headers, check, install_data, upload, rotate, update_catalog, compile_catalog, install_scripts, build_py, register, bdist_dumb, egg_info, install_lib, alias, build_ext, install_egg_info, easy_install, init_catalog, bdist_egg, build, build_scripts, setopt, symlink_data, editable_wheel, bdist, clean, build_clib, install, extract_messages, dist_info, saveopts, bdist_wheel, test
[1.975s] DEBUG:colcon.colcon_core.task.python.build:Available setuptools 'develop' options: --record, --script-dir, --install-dir, --find-links, --no-deps, --no-user-cfg, --allow-hosts, --user, --zip-ok, --exclude-scripts, --prefix, --verbose, --install-layout, --upgrade, --site-dirs, --dry-run, --force-installation-into-system-dir, --no-find-links, --egg-path, --multi-version, --optimize, --build-directory, --version, --local-snapshots-ok, --always-unzip, --help, --editable, --uninstall, --quiet, --index-url, --always-copy
[1.976s] DEBUG:colcon.colcon_core.task.python.build:While undoing a previous installation files outside the Python library path are being ignored: /home/leevai/quadbot_ws/install/cmd_vel_bridge/share/ament_index/resource_index/packages/cmd_vel_bridge
[1.976s] DEBUG:colcon.colcon_core.task.python.build:While undoing a previous installation files outside the Python library path are being ignored: /home/leevai/quadbot_ws/install/cmd_vel_bridge/share/cmd_vel_bridge/package.xml
[1.976s] DEBUG:colcon.colcon_core.task.python.build:While undoing a previous installation files outside the Python library path are being ignored: /home/leevai/quadbot_ws/install/cmd_vel_bridge/lib/cmd_vel_bridge/bridge_node
[1.979s] DEBUG:colcon.colcon_core.event_handler.log_command:Invoking command in '/home/leevai/quadbot_ws/build/cmd_vel_bridge': PYTHONPATH=/home/leevai/quadbot_ws/build/cmd_vel_bridge/prefix_override:/usr/lib/python3/dist-packages/colcon_core/task/python/colcon_distutils_commands:/home/leevai/quadbot_ws/install/cmd_vel_bridge/lib/python3.12/site-packages:${PYTHONPATH} /usr/bin/python3 -W ignore:setup.py install is deprecated -W ignore:easy_install command is deprecated setup.py develop --editable --build-directory /home/leevai/quadbot_ws/build/cmd_vel_bridge/build --no-deps symlink_data --force
[2.834s] Level 1:colcon.colcon_core.shell:create_environment_hook('cmd_vel_bridge', 'pythonpath_develop')
[2.834s] INFO:colcon.colcon_core.shell:Creating environment hook '/home/leevai/quadbot_ws/build/cmd_vel_bridge/share/cmd_vel_bridge/hook/pythonpath_develop.ps1'
[2.835s] DEBUG:colcon.colcon_core.event_handler.log_command:Invoked command in '/home/leevai/quadbot_ws/build/cmd_vel_bridge' returned '0': PYTHONPATH=/home/leevai/quadbot_ws/build/cmd_vel_bridge/prefix_override:/usr/lib/python3/dist-packages/colcon_core/task/python/colcon_distutils_commands:/home/leevai/quadbot_ws/install/cmd_vel_bridge/lib/python3.12/site-packages:${PYTHONPATH} /usr/bin/python3 -W ignore:setup.py install is deprecated -W ignore:easy_install command is deprecated setup.py develop --editable --build-directory /home/leevai/quadbot_ws/build/cmd_vel_bridge/build --no-deps symlink_data --force
[2.835s] INFO:colcon.colcon_core.shell:Creating environment descriptor '/home/leevai/quadbot_ws/build/cmd_vel_bridge/share/cmd_vel_bridge/hook/pythonpath_develop.dsv'
[2.836s] INFO:colcon.colcon_core.shell:Creating environment hook '/home/leevai/quadbot_ws/build/cmd_vel_bridge/share/cmd_vel_bridge/hook/pythonpath_develop.sh'
[2.836s] Level 1:colcon.colcon_core.environment:checking '/home/leevai/quadbot_ws/install/cmd_vel_bridge' for CMake module files
[2.837s] Level 1:colcon.colcon_core.environment:checking '/home/leevai/quadbot_ws/install/cmd_vel_bridge' for CMake config files
[2.837s] Level 1:colcon.colcon_core.environment:checking '/home/leevai/quadbot_ws/install/cmd_vel_bridge/lib'
[2.838s] Level 1:colcon.colcon_core.environment:checking '/home/leevai/quadbot_ws/install/cmd_vel_bridge/bin'
[2.838s] Level 1:colcon.colcon_core.environment:checking '/home/leevai/quadbot_ws/install/cmd_vel_bridge/lib/pkgconfig/cmd_vel_bridge.pc'
[2.838s] Level 1:colcon.colcon_core.environment:checking '/home/leevai/quadbot_ws/install/cmd_vel_bridge/lib/python3.12/site-packages'
[2.838s] Level 1:colcon.colcon_core.shell:create_environment_hook('cmd_vel_bridge', 'pythonpath')
[2.838s] INFO:colcon.colcon_core.shell:Creating environment hook '/home/leevai/quadbot_ws/install/cmd_vel_bridge/share/cmd_vel_bridge/hook/pythonpath.ps1'
[2.839s] INFO:colcon.colcon_core.shell:Creating environment descriptor '/home/leevai/quadbot_ws/install/cmd_vel_bridge/share/cmd_vel_bridge/hook/pythonpath.dsv'
[2.844s] INFO:colcon.colcon_core.shell:Creating environment hook '/home/leevai/quadbot_ws/install/cmd_vel_bridge/share/cmd_vel_bridge/hook/pythonpath.sh'
[2.845s] Level 1:colcon.colcon_core.environment:checking '/home/leevai/quadbot_ws/install/cmd_vel_bridge/bin'
[2.845s] Level 1:colcon.colcon_core.environment:create_environment_scripts_only(cmd_vel_bridge)
[2.845s] INFO:colcon.colcon_core.shell:Creating package script '/home/leevai/quadbot_ws/install/cmd_vel_bridge/share/cmd_vel_bridge/package.ps1'
[2.847s] INFO:colcon.colcon_core.shell:Creating package descriptor '/home/leevai/quadbot_ws/install/cmd_vel_bridge/share/cmd_vel_bridge/package.dsv'
[2.847s] INFO:colcon.colcon_core.shell:Creating package script '/home/leevai/quadbot_ws/install/cmd_vel_bridge/share/cmd_vel_bridge/package.sh'
[2.848s] INFO:colcon.colcon_core.shell:Creating package script '/home/leevai/quadbot_ws/install/cmd_vel_bridge/share/cmd_vel_bridge/package.bash'
[2.849s] INFO:colcon.colcon_core.shell:Creating package script '/home/leevai/quadbot_ws/install/cmd_vel_bridge/share/cmd_vel_bridge/package.zsh'
[2.849s] Level 1:colcon.colcon_core.environment:create_file_with_runtime_dependencies(/home/leevai/quadbot_ws/install/cmd_vel_bridge/share/colcon-core/packages/cmd_vel_bridge)
[2.850s] DEBUG:colcon.colcon_parallel_executor.executor.parallel:closing loop
[2.850s] DEBUG:colcon.colcon_parallel_executor.executor.parallel:loop closed
[2.851s] DEBUG:colcon.colcon_parallel_executor.executor.parallel:run_until_complete finished with '0'
[2.851s] DEBUG:colcon.colcon_core.event_reactor:joining thread
[2.851s] DEBUG:colcon.colcon_core.event_reactor:joined thread
[2.852s] INFO:colcon.colcon_core.shell:Creating prefix script '/home/leevai/quadbot_ws/install/local_setup.ps1'
[2.853s] INFO:colcon.colcon_core.shell:Creating prefix util module '/home/leevai/quadbot_ws/install/_local_setup_util_ps1.py'
[2.855s] INFO:colcon.colcon_core.shell:Creating prefix chain script '/home/leevai/quadbot_ws/install/setup.ps1'
[2.856s] INFO:colcon.colcon_core.shell:Creating prefix script '/home/leevai/quadbot_ws/install/local_setup.sh'
[2.860s] INFO:colcon.colcon_core.shell:Creating prefix util module '/home/leevai/quadbot_ws/install/_local_setup_util_sh.py'
[2.861s] INFO:colcon.colcon_core.shell:Creating prefix chain script '/home/leevai/quadbot_ws/install/setup.sh'
[2.862s] INFO:colcon.colcon_core.shell:Creating prefix script '/home/leevai/quadbot_ws/install/local_setup.bash'
[2.863s] INFO:colcon.colcon_core.shell:Creating prefix chain script '/home/leevai/quadbot_ws/install/setup.bash'
[2.864s] INFO:colcon.colcon_core.shell:Creating prefix script '/home/leevai/quadbot_ws/install/local_setup.zsh'
[2.865s] INFO:colcon.colcon_core.shell:Creating prefix chain script '/home/leevai/quadbot_ws/install/setup.zsh'
