[0.014s] Invoking command in '/home/leevai/quadbot_ws/build/quadbot_cartographer': CMAKE_PREFIX_PATH=${CMAKE_PREFIX_PATH}:/opt/ros/jazzy /usr/bin/cmake /home/leevai/quadbot_ws/src/quadbot_cartographer -DAMENT_CMAKE_SYMLINK_INSTALL=1 -DCMAKE_INSTALL_PREFIX=/home/leevai/quadbot_ws/install/quadbot_cartographer
[0.479s] -- The C compiler identification is GNU 13.3.0
[0.879s] -- The CXX compiler identification is GNU 13.3.0
[0.906s] -- Detecting C compiler ABI info
[1.076s] -- Detecting C compiler ABI info - done
[1.092s] -- Check for working C compiler: /usr/bin/cc - skipped
[1.092s] -- Detecting C compile features
[1.093s] -- Detecting C compile features - done
[1.107s] -- Detecting CXX compiler ABI info
[1.281s] -- Detecting CXX compiler ABI info - done
[1.298s] -- Check for working CXX compiler: /usr/bin/c++ - skipped
[1.299s] -- Detecting CXX compile features
[1.299s] -- Detecting CXX compile features - done
[1.303s] -- Found ament_cmake: 2.5.6 (/opt/ros/jazzy/share/ament_cmake/cmake)
[1.515s] -- Found Python3: /usr/bin/python3 (found version "3.12.3") found components: Interpreter 
[1.632s] -- Override CMake install command with custom implementation using symlinks instead of copying resources
[1.673s] -- Found ament_lint_auto: 0.17.5 (/opt/ros/jazzy/share/ament_lint_auto/cmake)
[1.842s] -- Added test 'flake8' to check Python code syntax and style conventions
[1.842s] -- Configured 'flake8' exclude dirs and/or files: 
[1.843s] -- Added test 'lint_cmake' to check CMake code style
[1.844s] -- Added test 'pep257' to check Python code against some of the docstring style conventions in PEP 257
[1.845s] -- Added test 'xmllint' to check XML markup files
[1.847s] -- Configuring done (1.8s)
[1.852s] -- Generating done (0.0s)
[1.854s] -- Build files have been written to: /home/leevai/quadbot_ws/build/quadbot_cartographer
[1.863s] Invoked command in '/home/leevai/quadbot_ws/build/quadbot_cartographer' returned '0': CMAKE_PREFIX_PATH=${CMAKE_PREFIX_PATH}:/opt/ros/jazzy /usr/bin/cmake /home/leevai/quadbot_ws/src/quadbot_cartographer -DAMENT_CMAKE_SYMLINK_INSTALL=1 -DCMAKE_INSTALL_PREFIX=/home/leevai/quadbot_ws/install/quadbot_cartographer
[1.865s] Invoking command in '/home/leevai/quadbot_ws/build/quadbot_cartographer': CMAKE_PREFIX_PATH=${CMAKE_PREFIX_PATH}:/opt/ros/jazzy /usr/bin/cmake --build /home/leevai/quadbot_ws/build/quadbot_cartographer -- -j4 -l4
[1.933s] Invoked command in '/home/leevai/quadbot_ws/build/quadbot_cartographer' returned '0': CMAKE_PREFIX_PATH=${CMAKE_PREFIX_PATH}:/opt/ros/jazzy /usr/bin/cmake --build /home/leevai/quadbot_ws/build/quadbot_cartographer -- -j4 -l4
[1.951s] Invoking command in '/home/leevai/quadbot_ws/build/quadbot_cartographer': CMAKE_PREFIX_PATH=${CMAKE_PREFIX_PATH}:/opt/ros/jazzy /usr/bin/cmake --install /home/leevai/quadbot_ws/build/quadbot_cartographer
[1.965s] -- Install configuration: ""
[1.965s] -- Execute custom install script
[1.966s] -- Symlinking: /home/leevai/quadbot_ws/install/quadbot_cartographer/share/quadbot_cartographer/launch/quadbot_slam.launch.py
[1.983s] -- Symlinking: /home/leevai/quadbot_ws/install/quadbot_cartographer/share/quadbot_cartographer/config/quadbot.lua
[2.000s] -- Symlinking: /home/leevai/quadbot_ws/install/quadbot_cartographer/share/ament_index/resource_index/package_run_dependencies/quadbot_cartographer
[2.017s] -- Symlinking: /home/leevai/quadbot_ws/install/quadbot_cartographer/share/ament_index/resource_index/parent_prefix_path/quadbot_cartographer
[2.033s] -- Symlinking: /home/leevai/quadbot_ws/install/quadbot_cartographer/share/quadbot_cartographer/environment/ament_prefix_path.sh
[2.050s] -- Symlinking: /home/leevai/quadbot_ws/install/quadbot_cartographer/share/quadbot_cartographer/environment/ament_prefix_path.dsv
[2.065s] -- Symlinking: /home/leevai/quadbot_ws/install/quadbot_cartographer/share/quadbot_cartographer/environment/path.sh
[2.081s] -- Symlinking: /home/leevai/quadbot_ws/install/quadbot_cartographer/share/quadbot_cartographer/environment/path.dsv
[2.098s] -- Symlinking: /home/leevai/quadbot_ws/install/quadbot_cartographer/share/quadbot_cartographer/local_setup.bash
[2.115s] -- Symlinking: /home/leevai/quadbot_ws/install/quadbot_cartographer/share/quadbot_cartographer/local_setup.sh
[2.131s] -- Symlinking: /home/leevai/quadbot_ws/install/quadbot_cartographer/share/quadbot_cartographer/local_setup.zsh
[2.147s] -- Symlinking: /home/leevai/quadbot_ws/install/quadbot_cartographer/share/quadbot_cartographer/local_setup.dsv
[2.164s] -- Symlinking: /home/leevai/quadbot_ws/install/quadbot_cartographer/share/quadbot_cartographer/package.dsv
[2.182s] -- Symlinking: /home/leevai/quadbot_ws/install/quadbot_cartographer/share/ament_index/resource_index/packages/quadbot_cartographer
[2.198s] -- Symlinking: /home/leevai/quadbot_ws/install/quadbot_cartographer/share/quadbot_cartographer/cmake/quadbot_cartographerConfig.cmake
[2.215s] -- Symlinking: /home/leevai/quadbot_ws/install/quadbot_cartographer/share/quadbot_cartographer/cmake/quadbot_cartographerConfig-version.cmake
[2.231s] -- Symlinking: /home/leevai/quadbot_ws/install/quadbot_cartographer/share/quadbot_cartographer/package.xml
[2.251s] Invoked command in '/home/leevai/quadbot_ws/build/quadbot_cartographer' returned '0': CMAKE_PREFIX_PATH=${CMAKE_PREFIX_PATH}:/opt/ros/jazzy /usr/bin/cmake --install /home/leevai/quadbot_ws/build/quadbot_cartographer
