[0.137s] DEBUG:colcon:Command line arguments: ['/usr/bin/colcon', 'build', '--symlink-install']
[0.137s] DEBUG:colcon:Parsed command line arguments: Namespace(log_base=None, log_level=None, verb_name='build', build_base='build', install_base='install', merge_install=False, symlink_install=True, test_result_base=None, continue_on_error=False, executor='parallel', parallel_workers=4, event_handlers=None, ignore_user_meta=False, metas=['./colcon.meta'], base_paths=['.'], packages_ignore=None, packages_ignore_regex=None, paths=None, packages_up_to=None, packages_up_to_regex=None, packages_above=None, packages_above_and_dependencies=None, packages_above_depth=None, packages_select_by_dep=None, packages_skip_by_dep=None, packages_skip_up_to=None, packages_select_build_failed=False, packages_skip_build_finished=False, packages_select_test_failures=False, packages_skip_test_passed=False, packages_select=None, packages_skip=None, packages_select_regex=None, packages_skip_regex=None, packages_start=None, packages_end=None, cmake_args=None, cmake_target=None, cmake_target_skip_unavailable=False, cmake_clean_cache=False, cmake_clean_first=False, cmake_force_configure=False, ament_cmake_args=None, catkin_cmake_args=None, catkin_skip_building_tests=False, verb_parser=<colcon_defaults.argument_parser.defaults.DefaultArgumentsDecorator object at 0xffffaa84a120>, verb_extension=<colcon_core.verb.build.BuildVerb object at 0xffffaa79d2b0>, main=<bound method BuildVerb.main of <colcon_core.verb.build.BuildVerb object at 0xffffaa79d2b0>>)
[0.253s] Level 1:colcon.colcon_core.package_discovery:discover_packages(colcon_meta) check parameters
[0.253s] Level 1:colcon.colcon_core.package_discovery:discover_packages(recursive) check parameters
[0.253s] Level 1:colcon.colcon_core.package_discovery:discover_packages(ignore) check parameters
[0.253s] Level 1:colcon.colcon_core.package_discovery:discover_packages(path) check parameters
[0.254s] Level 1:colcon.colcon_core.package_discovery:discover_packages(colcon_meta) discover
[0.254s] Level 1:colcon.colcon_core.package_discovery:discover_packages(recursive) discover
[0.254s] INFO:colcon.colcon_core.package_discovery:Crawling recursively for packages in '/home/leevai/quadbot_ws'
[0.254s] Level 1:colcon.colcon_core.package_identification:_identify(.) by extensions ['ignore', 'ignore_ament_install']
[0.254s] Level 1:colcon.colcon_core.package_identification:_identify(.) by extension 'ignore'
[0.254s] Level 1:colcon.colcon_core.package_identification:_identify(.) by extension 'ignore_ament_install'
[0.254s] Level 1:colcon.colcon_core.package_identification:_identify(.) by extensions ['colcon_pkg']
[0.254s] Level 1:colcon.colcon_core.package_identification:_identify(.) by extension 'colcon_pkg'
[0.254s] Level 1:colcon.colcon_core.package_identification:_identify(.) by extensions ['colcon_meta']
[0.254s] Level 1:colcon.colcon_core.package_identification:_identify(.) by extension 'colcon_meta'
[0.254s] Level 1:colcon.colcon_core.package_identification:_identify(.) by extensions ['ros']
[0.254s] Level 1:colcon.colcon_core.package_identification:_identify(.) by extension 'ros'
[0.291s] Level 1:colcon.colcon_core.package_identification:_identify(.) by extensions ['cmake', 'python']
[0.291s] Level 1:colcon.colcon_core.package_identification:_identify(.) by extension 'cmake'
[0.291s] Level 1:colcon.colcon_core.package_identification:_identify(.) by extension 'python'
[0.291s] Level 1:colcon.colcon_core.package_identification:_identify(.) by extensions ['python_setup_py']
[0.291s] Level 1:colcon.colcon_core.package_identification:_identify(.) by extension 'python_setup_py'
[0.291s] Level 1:colcon.colcon_core.package_identification:_identify(build) by extensions ['ignore', 'ignore_ament_install']
[0.291s] Level 1:colcon.colcon_core.package_identification:_identify(build) by extension 'ignore'
[0.291s] Level 1:colcon.colcon_core.package_identification:_identify(build) ignored
[0.292s] Level 1:colcon.colcon_core.package_identification:_identify(install) by extensions ['ignore', 'ignore_ament_install']
[0.292s] Level 1:colcon.colcon_core.package_identification:_identify(install) by extension 'ignore'
[0.292s] Level 1:colcon.colcon_core.package_identification:_identify(install) ignored
[0.292s] Level 1:colcon.colcon_core.package_identification:_identify(log) by extensions ['ignore', 'ignore_ament_install']
[0.292s] Level 1:colcon.colcon_core.package_identification:_identify(log) by extension 'ignore'
[0.292s] Level 1:colcon.colcon_core.package_identification:_identify(log) ignored
[0.292s] Level 1:colcon.colcon_core.package_identification:_identify(src) by extensions ['ignore', 'ignore_ament_install']
[0.292s] Level 1:colcon.colcon_core.package_identification:_identify(src) by extension 'ignore'
[0.292s] Level 1:colcon.colcon_core.package_identification:_identify(src) by extension 'ignore_ament_install'
[0.292s] Level 1:colcon.colcon_core.package_identification:_identify(src) by extensions ['colcon_pkg']
[0.292s] Level 1:colcon.colcon_core.package_identification:_identify(src) by extension 'colcon_pkg'
[0.292s] Level 1:colcon.colcon_core.package_identification:_identify(src) by extensions ['colcon_meta']
[0.292s] Level 1:colcon.colcon_core.package_identification:_identify(src) by extension 'colcon_meta'
[0.292s] Level 1:colcon.colcon_core.package_identification:_identify(src) by extensions ['ros']
[0.292s] Level 1:colcon.colcon_core.package_identification:_identify(src) by extension 'ros'
[0.293s] Level 1:colcon.colcon_core.package_identification:_identify(src) by extensions ['cmake', 'python']
[0.293s] Level 1:colcon.colcon_core.package_identification:_identify(src) by extension 'cmake'
[0.293s] Level 1:colcon.colcon_core.package_identification:_identify(src) by extension 'python'
[0.293s] Level 1:colcon.colcon_core.package_identification:_identify(src) by extensions ['python_setup_py']
[0.293s] Level 1:colcon.colcon_core.package_identification:_identify(src) by extension 'python_setup_py'
[0.293s] Level 1:colcon.colcon_core.package_identification:_identify(src/quadbot_cartographer) by extensions ['ignore', 'ignore_ament_install']
[0.293s] Level 1:colcon.colcon_core.package_identification:_identify(src/quadbot_cartographer) by extension 'ignore'
[0.293s] Level 1:colcon.colcon_core.package_identification:_identify(src/quadbot_cartographer) by extension 'ignore_ament_install'
[0.293s] Level 1:colcon.colcon_core.package_identification:_identify(src/quadbot_cartographer) by extensions ['colcon_pkg']
[0.293s] Level 1:colcon.colcon_core.package_identification:_identify(src/quadbot_cartographer) by extension 'colcon_pkg'
[0.293s] Level 1:colcon.colcon_core.package_identification:_identify(src/quadbot_cartographer) by extensions ['colcon_meta']
[0.293s] Level 1:colcon.colcon_core.package_identification:_identify(src/quadbot_cartographer) by extension 'colcon_meta'
[0.293s] Level 1:colcon.colcon_core.package_identification:_identify(src/quadbot_cartographer) by extensions ['ros']
[0.293s] Level 1:colcon.colcon_core.package_identification:_identify(src/quadbot_cartographer) by extension 'ros'
[0.298s] DEBUG:colcon.colcon_core.package_identification:Package 'src/quadbot_cartographer' with type 'ros.ament_cmake' and name 'quadbot_cartographer'
[0.298s] Level 1:colcon.colcon_core.package_discovery:discover_packages(recursive) using defaults
[0.298s] Level 1:colcon.colcon_core.package_discovery:discover_packages(ignore) discover
[0.298s] Level 1:colcon.colcon_core.package_discovery:discover_packages(ignore) using defaults
[0.298s] Level 1:colcon.colcon_core.package_discovery:discover_packages(path) discover
[0.298s] Level 1:colcon.colcon_core.package_discovery:discover_packages(path) using defaults
[0.333s] Level 5:colcon.colcon_core.verb:set package 'quadbot_cartographer' build argument 'cmake_args' from command line to 'None'
[0.333s] Level 5:colcon.colcon_core.verb:set package 'quadbot_cartographer' build argument 'cmake_target' from command line to 'None'
[0.333s] Level 5:colcon.colcon_core.verb:set package 'quadbot_cartographer' build argument 'cmake_target_skip_unavailable' from command line to 'False'
[0.333s] Level 5:colcon.colcon_core.verb:set package 'quadbot_cartographer' build argument 'cmake_clean_cache' from command line to 'False'
[0.333s] Level 5:colcon.colcon_core.verb:set package 'quadbot_cartographer' build argument 'cmake_clean_first' from command line to 'False'
[0.333s] Level 5:colcon.colcon_core.verb:set package 'quadbot_cartographer' build argument 'cmake_force_configure' from command line to 'False'
[0.333s] Level 5:colcon.colcon_core.verb:set package 'quadbot_cartographer' build argument 'ament_cmake_args' from command line to 'None'
[0.333s] Level 5:colcon.colcon_core.verb:set package 'quadbot_cartographer' build argument 'catkin_cmake_args' from command line to 'None'
[0.333s] Level 5:colcon.colcon_core.verb:set package 'quadbot_cartographer' build argument 'catkin_skip_building_tests' from command line to 'False'
[0.333s] DEBUG:colcon.colcon_core.verb:Building package 'quadbot_cartographer' with the following arguments: {'ament_cmake_args': None, 'build_base': '/home/leevai/quadbot_ws/build/quadbot_cartographer', 'catkin_cmake_args': None, 'catkin_skip_building_tests': False, 'cmake_args': None, 'cmake_clean_cache': False, 'cmake_clean_first': False, 'cmake_force_configure': False, 'cmake_target': None, 'cmake_target_skip_unavailable': False, 'install_base': '/home/leevai/quadbot_ws/install/quadbot_cartographer', 'merge_install': False, 'path': '/home/leevai/quadbot_ws/src/quadbot_cartographer', 'symlink_install': True, 'test_result_base': None}
[0.333s] INFO:colcon.colcon_core.executor:Executing jobs using 'parallel' executor
[0.334s] DEBUG:colcon.colcon_parallel_executor.executor.parallel:run_until_complete
[0.335s] INFO:colcon.colcon_ros.task.ament_cmake.build:Building ROS package in '/home/leevai/quadbot_ws/src/quadbot_cartographer' with build type 'ament_cmake'
[0.335s] INFO:colcon.colcon_cmake.task.cmake.build:Building CMake package in '/home/leevai/quadbot_ws/src/quadbot_cartographer'
[0.337s] INFO:colcon.colcon_core.plugin_system:Skipping extension 'colcon_core.shell.bat': Not used on non-Windows systems
[0.338s] DEBUG:colcon.colcon_core.shell:Skip shell extension 'dsv' for command environment
[0.349s] DEBUG:colcon.colcon_core.event_handler.log_command:Invoking command in '/home/leevai/quadbot_ws/build/quadbot_cartographer': CMAKE_PREFIX_PATH=${CMAKE_PREFIX_PATH}:/opt/ros/jazzy /usr/bin/cmake /home/leevai/quadbot_ws/src/quadbot_cartographer -DAMENT_CMAKE_SYMLINK_INSTALL=1 -DCMAKE_INSTALL_PREFIX=/home/leevai/quadbot_ws/install/quadbot_cartographer
[2.198s] DEBUG:colcon.colcon_core.event_handler.log_command:Invoked command in '/home/leevai/quadbot_ws/build/quadbot_cartographer' returned '0': CMAKE_PREFIX_PATH=${CMAKE_PREFIX_PATH}:/opt/ros/jazzy /usr/bin/cmake /home/leevai/quadbot_ws/src/quadbot_cartographer -DAMENT_CMAKE_SYMLINK_INSTALL=1 -DCMAKE_INSTALL_PREFIX=/home/leevai/quadbot_ws/install/quadbot_cartographer
[2.200s] DEBUG:colcon.colcon_core.event_handler.log_command:Invoking command in '/home/leevai/quadbot_ws/build/quadbot_cartographer': CMAKE_PREFIX_PATH=${CMAKE_PREFIX_PATH}:/opt/ros/jazzy /usr/bin/cmake --build /home/leevai/quadbot_ws/build/quadbot_cartographer -- -j4 -l4
[2.268s] DEBUG:colcon.colcon_core.event_handler.log_command:Invoked command in '/home/leevai/quadbot_ws/build/quadbot_cartographer' returned '0': CMAKE_PREFIX_PATH=${CMAKE_PREFIX_PATH}:/opt/ros/jazzy /usr/bin/cmake --build /home/leevai/quadbot_ws/build/quadbot_cartographer -- -j4 -l4
[2.286s] DEBUG:colcon.colcon_core.event_handler.log_command:Invoking command in '/home/leevai/quadbot_ws/build/quadbot_cartographer': CMAKE_PREFIX_PATH=${CMAKE_PREFIX_PATH}:/opt/ros/jazzy /usr/bin/cmake --install /home/leevai/quadbot_ws/build/quadbot_cartographer
[2.585s] Level 1:colcon.colcon_core.environment:create_environment_scripts_only(quadbot_cartographer)
[2.585s] DEBUG:colcon.colcon_core.event_handler.log_command:Invoked command in '/home/leevai/quadbot_ws/build/quadbot_cartographer' returned '0': CMAKE_PREFIX_PATH=${CMAKE_PREFIX_PATH}:/opt/ros/jazzy /usr/bin/cmake --install /home/leevai/quadbot_ws/build/quadbot_cartographer
[2.588s] Level 1:colcon.colcon_core.environment:checking '/home/leevai/quadbot_ws/install/quadbot_cartographer' for CMake module files
[2.589s] Level 1:colcon.colcon_core.environment:checking '/home/leevai/quadbot_ws/install/quadbot_cartographer' for CMake config files
[2.589s] Level 1:colcon.colcon_core.shell:create_environment_hook('quadbot_cartographer', 'cmake_prefix_path')
[2.590s] INFO:colcon.colcon_core.shell:Creating environment descriptor '/home/leevai/quadbot_ws/install/quadbot_cartographer/share/quadbot_cartographer/hook/cmake_prefix_path.dsv'
[2.590s] INFO:colcon.colcon_core.shell:Creating environment hook '/home/leevai/quadbot_ws/install/quadbot_cartographer/share/quadbot_cartographer/hook/cmake_prefix_path.sh'
[2.591s] Level 1:colcon.colcon_core.environment:checking '/home/leevai/quadbot_ws/install/quadbot_cartographer/bin'
[2.592s] Level 1:colcon.colcon_core.environment:checking '/home/leevai/quadbot_ws/install/quadbot_cartographer/lib/pkgconfig/quadbot_cartographer.pc'
[2.595s] Level 1:colcon.colcon_core.environment:checking '/home/leevai/quadbot_ws/install/quadbot_cartographer/lib/python3.12/site-packages'
[2.596s] Level 1:colcon.colcon_core.environment:checking '/home/leevai/quadbot_ws/install/quadbot_cartographer/bin'
[2.596s] INFO:colcon.colcon_core.shell:Creating package descriptor '/home/leevai/quadbot_ws/install/quadbot_cartographer/share/quadbot_cartographer/package.dsv'
[2.597s] INFO:colcon.colcon_core.shell:Creating package script '/home/leevai/quadbot_ws/install/quadbot_cartographer/share/quadbot_cartographer/package.sh'
[2.598s] INFO:colcon.colcon_core.shell:Creating package script '/home/leevai/quadbot_ws/install/quadbot_cartographer/share/quadbot_cartographer/package.bash'
[2.599s] INFO:colcon.colcon_core.shell:Creating package script '/home/leevai/quadbot_ws/install/quadbot_cartographer/share/quadbot_cartographer/package.zsh'
[2.600s] Level 1:colcon.colcon_core.environment:create_file_with_runtime_dependencies(/home/leevai/quadbot_ws/install/quadbot_cartographer/share/colcon-core/packages/quadbot_cartographer)
[2.601s] Level 1:colcon.colcon_core.environment:create_environment_scripts_only(quadbot_cartographer)
[2.601s] Level 1:colcon.colcon_core.environment:checking '/home/leevai/quadbot_ws/install/quadbot_cartographer' for CMake module files
[2.602s] Level 1:colcon.colcon_core.environment:checking '/home/leevai/quadbot_ws/install/quadbot_cartographer' for CMake config files
[2.602s] Level 1:colcon.colcon_core.shell:create_environment_hook('quadbot_cartographer', 'cmake_prefix_path')
[2.602s] INFO:colcon.colcon_core.shell:Creating environment descriptor '/home/leevai/quadbot_ws/install/quadbot_cartographer/share/quadbot_cartographer/hook/cmake_prefix_path.dsv'
[2.602s] INFO:colcon.colcon_core.shell:Creating environment hook '/home/leevai/quadbot_ws/install/quadbot_cartographer/share/quadbot_cartographer/hook/cmake_prefix_path.sh'
[2.603s] Level 1:colcon.colcon_core.environment:checking '/home/leevai/quadbot_ws/install/quadbot_cartographer/bin'
[2.603s] Level 1:colcon.colcon_core.environment:checking '/home/leevai/quadbot_ws/install/quadbot_cartographer/lib/pkgconfig/quadbot_cartographer.pc'
[2.604s] Level 1:colcon.colcon_core.environment:checking '/home/leevai/quadbot_ws/install/quadbot_cartographer/lib/python3.12/site-packages'
[2.604s] Level 1:colcon.colcon_core.environment:checking '/home/leevai/quadbot_ws/install/quadbot_cartographer/bin'
[2.604s] INFO:colcon.colcon_core.shell:Creating package descriptor '/home/leevai/quadbot_ws/install/quadbot_cartographer/share/quadbot_cartographer/package.dsv'
[2.605s] INFO:colcon.colcon_core.shell:Creating package script '/home/leevai/quadbot_ws/install/quadbot_cartographer/share/quadbot_cartographer/package.sh'
[2.605s] INFO:colcon.colcon_core.shell:Creating package script '/home/leevai/quadbot_ws/install/quadbot_cartographer/share/quadbot_cartographer/package.bash'
[2.606s] INFO:colcon.colcon_core.shell:Creating package script '/home/leevai/quadbot_ws/install/quadbot_cartographer/share/quadbot_cartographer/package.zsh'
[2.611s] Level 1:colcon.colcon_core.environment:create_file_with_runtime_dependencies(/home/leevai/quadbot_ws/install/quadbot_cartographer/share/colcon-core/packages/quadbot_cartographer)
[2.611s] DEBUG:colcon.colcon_parallel_executor.executor.parallel:closing loop
[2.611s] DEBUG:colcon.colcon_parallel_executor.executor.parallel:loop closed
[2.612s] DEBUG:colcon.colcon_parallel_executor.executor.parallel:run_until_complete finished with '0'
[2.612s] DEBUG:colcon.colcon_core.event_reactor:joining thread
[2.612s] DEBUG:colcon.colcon_core.event_reactor:joined thread
[2.612s] INFO:colcon.colcon_core.shell:Creating prefix script '/home/leevai/quadbot_ws/install/local_setup.sh'
[2.613s] INFO:colcon.colcon_core.shell:Creating prefix util module '/home/leevai/quadbot_ws/install/_local_setup_util_sh.py'
[2.615s] INFO:colcon.colcon_core.shell:Creating prefix chain script '/home/leevai/quadbot_ws/install/setup.sh'
[2.616s] INFO:colcon.colcon_core.shell:Creating prefix script '/home/leevai/quadbot_ws/install/local_setup.bash'
[2.616s] INFO:colcon.colcon_core.shell:Creating prefix chain script '/home/leevai/quadbot_ws/install/setup.bash'
[2.617s] INFO:colcon.colcon_core.shell:Creating prefix script '/home/leevai/quadbot_ws/install/local_setup.zsh'
[2.618s] INFO:colcon.colcon_core.shell:Creating prefix chain script '/home/leevai/quadbot_ws/install/setup.zsh'
